2026-09-23T23:43:24 | WhatsApp Campaign Manager application starting.
2026-09-23T23:43:24 | CHECKPOINT | APPLICATION_INITIALIZATION | PASS
2026-09-23T23:43:44 | WhatsApp Campaign Manager application starting.
2026-09-23T23:43:44 | CHECKPOINT | APPLICATION_INITIALIZATION | PASS
2026-09-23T23:44:07 | WhatsApp Campaign Manager application starting.
2026-09-23T23:44:07 | CHECKPOINT | APPLICATION_INITIALIZATION | PASS
2026-09-23T23:45:49 | WhatsApp Campaign Manager application starting.
2026-09-23T23:45:49 | CHECKPOINT | APPLICATION_INITIALIZATION | PASS
2026-09-23T23:45:49 | CHECKPOINT | MAIN_WINDOW_INITIALIZATION | PASS
2026-09-23T23:45:49 | CHECKPOINT | CSV_IMPORT_PANEL_INITIALIZATION | PASS
2026-09-23T23:45:49 | WhatsApp Campaign Manager application ready.
2026-09-23T23:52:25 | CHECKPOINT | APPLICATION_SESSION_COMPLETE | PASS
2026-09-23T23:53:41 | WhatsApp Campaign Manager application starting.
2026-09-23T23:53:41 | CHECKPOINT | APPLICATION_INITIALIZATION | PASS
2026-09-23T23:53:41 | CHECKPOINT | MAIN_WINDOW_INITIALIZATION | PASS
2026-09-23T23:53:41 | CHECKPOINT | CSV_IMPORT_PANEL_INITIALIZATION | PASS
2026-09-23T23:53:41 | WhatsApp Campaign Manager application ready.
2026-09-23T23:55:52 | CHECKPOINT | APPLICATION_SESSION_COMPLETE | PASS
2026-09-24T00:16:43 | WhatsApp Campaign Manager application starting.
2026-09-24T00:16:43 | CHECKPOINT | APPLICATION_INITIALIZATION | PASS
2026-09-24T00:16:44 | CHECKPOINT | MAIN_WINDOW_INITIALIZATION | PASS
2026-09-24T00:16:44 | WhatsApp Campaign Manager application ready.
2026-09-24T00:17:06 | CHECKPOINT | APPLICATION_SESSION_COMPLETE | PASS
2026-09-25T00:30:20 | WhatsApp Campaign Manager application starting.
2026-09-25T00:30:20 | CHECKPOINT | APPLICATION_INITIALIZATION | PASS
2026-09-25T00:30:20 | CHECKPOINT | MAIN_WINDOW_INITIALIZATION | PASS
2026-09-25T00:30:20 | WhatsApp Campaign Manager application ready.
2026-09-25T00:50:18 | CHECKPOINT | APPLICATION_SESSION_COMPLETE | PASS
